Archive member included to satisfy reference by file (symbol)

D:/Embedded/STM32CubeIDE_1.13.1/STM32CubeIDE/plugins/com.st.stm32cube.ide.mcu.externaltools.gnu-tools-for-stm32.11.3.rel1.win32_1.1.0.202305231506/tools/bin/../lib/gcc/arm-none-eabi/11.3.1/../../../../arm-none-eabi/lib/thumb/v7e-m+fp/hard\libc_nano.a(libc_a-calloc.o)
                              ./Src/APP/Bootloader/Bootloader_program.o (calloc)
D:/Embedded/STM32CubeIDE_1.13.1/STM32CubeIDE/plugins/com.st.stm32cube.ide.mcu.externaltools.gnu-tools-for-stm32.11.3.rel1.win32_1.1.0.202305231506/tools/bin/../lib/gcc/arm-none-eabi/11.3.1/../../../../arm-none-eabi/lib/thumb/v7e-m+fp/hard\libc_nano.a(libc_a-callocr.o)
                              D:/Embedded/STM32CubeIDE_1.13.1/STM32CubeIDE/plugins/com.st.stm32cube.ide.mcu.externaltools.gnu-tools-for-stm32.11.3.rel1.win32_1.1.0.202305231506/tools/bin/../lib/gcc/arm-none-eabi/11.3.1/../../../../arm-none-eabi/lib/thumb/v7e-m+fp/hard\libc_nano.a(libc_a-calloc.o) (_calloc_r)
D:/Embedded/STM32CubeIDE_1.13.1/STM32CubeIDE/plugins/com.st.stm32cube.ide.mcu.externaltools.gnu-tools-for-stm32.11.3.rel1.win32_1.1.0.202305231506/tools/bin/../lib/gcc/arm-none-eabi/11.3.1/../../../../arm-none-eabi/lib/thumb/v7e-m+fp/hard\libc_nano.a(libc_a-exit.o)
                              D:/Embedded/STM32CubeIDE_1.13.1/STM32CubeIDE/plugins/com.st.stm32cube.ide.mcu.externaltools.gnu-tools-for-stm32.11.3.rel1.win32_1.1.0.202305231506/tools/bin/../lib/gcc/arm-none-eabi/11.3.1/../../../../arm-none-eabi/lib/thumb/v7e-m+fp/hard/crt0.o (exit)
D:/Embedded/STM32CubeIDE_1.13.1/STM32CubeIDE/plugins/com.st.stm32cube.ide.mcu.externaltools.gnu-tools-for-stm32.11.3.rel1.win32_1.1.0.202305231506/tools/bin/../lib/gcc/arm-none-eabi/11.3.1/../../../../arm-none-eabi/lib/thumb/v7e-m+fp/hard\libc_nano.a(libc_a-malloc.o)
                              ./Src/MCAL/RCC/RCC_utilities.o (malloc)
D:/Embedded/STM32CubeIDE_1.13.1/STM32CubeIDE/plugins/com.st.stm32cube.ide.mcu.externaltools.gnu-tools-for-stm32.11.3.rel1.win32_1.1.0.202305231506/tools/bin/../lib/gcc/arm-none-eabi/11.3.1/../../../../arm-none-eabi/lib/thumb/v7e-m+fp/hard\libc_nano.a(libc_a-mallocr.o)
                              D:/Embedded/STM32CubeIDE_1.13.1/STM32CubeIDE/plugins/com.st.stm32cube.ide.mcu.externaltools.gnu-tools-for-stm32.11.3.rel1.win32_1.1.0.202305231506/tools/bin/../lib/gcc/arm-none-eabi/11.3.1/../../../../arm-none-eabi/lib/thumb/v7e-m+fp/hard\libc_nano.a(libc_a-callocr.o) (_malloc_r)
D:/Embedded/STM32CubeIDE_1.13.1/STM32CubeIDE/plugins/com.st.stm32cube.ide.mcu.externaltools.gnu-tools-for-stm32.11.3.rel1.win32_1.1.0.202305231506/tools/bin/../lib/gcc/arm-none-eabi/11.3.1/../../../../arm-none-eabi/lib/thumb/v7e-m+fp/hard\libc_nano.a(libc_a-mlock.o)
                              D:/Embedded/STM32CubeIDE_1.13.1/STM32CubeIDE/plugins/com.st.stm32cube.ide.mcu.externaltools.gnu-tools-for-stm32.11.3.rel1.win32_1.1.0.202305231506/tools/bin/../lib/gcc/arm-none-eabi/11.3.1/../../../../arm-none-eabi/lib/thumb/v7e-m+fp/hard\libc_nano.a(libc_a-mallocr.o) (__malloc_lock)
D:/Embedded/STM32CubeIDE_1.13.1/STM32CubeIDE/plugins/com.st.stm32cube.ide.mcu.externaltools.gnu-tools-for-stm32.11.3.rel1.win32_1.1.0.202305231506/tools/bin/../lib/gcc/arm-none-eabi/11.3.1/../../../../arm-none-eabi/lib/thumb/v7e-m+fp/hard\libc_nano.a(libc_a-findfp.o)
                              D:/Embedded/STM32CubeIDE_1.13.1/STM32CubeIDE/plugins/com.st.stm32cube.ide.mcu.externaltools.gnu-tools-for-stm32.11.3.rel1.win32_1.1.0.202305231506/tools/bin/../lib/gcc/arm-none-eabi/11.3.1/../../../../arm-none-eabi/lib/thumb/v7e-m+fp/hard\libc_nano.a(libc_a-exit.o) (__stdio_exit_handler)
D:/Embedded/STM32CubeIDE_1.13.1/STM32CubeIDE/plugins/com.st.stm32cube.ide.mcu.externaltools.gnu-tools-for-stm32.11.3.rel1.win32_1.1.0.202305231506/tools/bin/../lib/gcc/arm-none-eabi/11.3.1/../../../../arm-none-eabi/lib/thumb/v7e-m+fp/hard\libc_nano.a(libc_a-fwalk.o)
                              D:/Embedded/STM32CubeIDE_1.13.1/STM32CubeIDE/plugins/com.st.stm32cube.ide.mcu.externaltools.gnu-tools-for-stm32.11.3.rel1.win32_1.1.0.202305231506/tools/bin/../lib/gcc/arm-none-eabi/11.3.1/../../../../arm-none-eabi/lib/thumb/v7e-m+fp/hard\libc_nano.a(libc_a-findfp.o) (_fwalk_sglue)
D:/Embedded/STM32CubeIDE_1.13.1/STM32CubeIDE/plugins/com.st.stm32cube.ide.mcu.externaltools.gnu-tools-for-stm32.11.3.rel1.win32_1.1.0.202305231506/tools/bin/../lib/gcc/arm-none-eabi/11.3.1/../../../../arm-none-eabi/lib/thumb/v7e-m+fp/hard\libc_nano.a(libc_a-stdio.o)
                              D:/Embedded/STM32CubeIDE_1.13.1/STM32CubeIDE/plugins/com.st.stm32cube.ide.mcu.externaltools.gnu-tools-for-stm32.11.3.rel1.win32_1.1.0.202305231506/tools/bin/../lib/gcc/arm-none-eabi/11.3.1/../../../../arm-none-eabi/lib/thumb/v7e-m+fp/hard\libc_nano.a(libc_a-findfp.o) (__sread)
[...]
Memory Configuration

Name             Origin             Length             Attributes
RAM              0x0000000020000000 0x0000000000010000 xrw
FLASH            0x0000000008000000 0x0000000000040000 xr
*default*        0x0000000000000000 0xffffffffffffffff

Linker script and memory map

LOAD D:/Embedded/STM32CubeIDE_1.13.1/STM32CubeIDE/plugins/com.st.stm32cube.ide.mcu.externaltools.gnu-tools-for-stm32.11.3.rel1.win32_1.1.0.202305231506/tools/bin/../lib/gcc/arm-none-eabi/11.3.1/thumb/v7e-m+fp/hard/crti.o
LOAD D:/Embedded/STM32CubeIDE_1.13.1/STM32CubeIDE/plugins/com.st.stm32cube.ide.mcu.externaltools.gnu-tools-for-stm32.11.3.rel1.win32_1.1.0.202305231506/tools/bin/../lib/gcc/arm-none-eabi/11.3.1/thumb/v7e-m+fp/hard/crtbegin.o
LOAD D:/Embedded/STM32CubeIDE_1.13.1/STM32CubeIDE/plugins/com.st.stm32cube.ide.mcu.externaltools.gnu-tools-for-stm32.11.3.rel1.win32_1.1.0.202305231506/tools/bin/../lib/gcc/arm-none-eabi/11.3.1/../../../../arm-none-eabi/lib/thumb/v7e-m+fp/hard/crt0.o
LOAD ./Inc/Lib/DET.o
LOAD ./Src/APP/Bootloader/Bootloader_program.o
LOAD ./Src/MCAL/FLS/FLS_program.o
LOAD ./Src/MCAL/GPIO/GPIO_lcfg.o
LOAD ./Src/MCAL/GPIO/GPIO_program.o
LOAD ./Src/MCAL/NVIC/NVIC_program.o
LOAD ./Src/MCAL/RCC/RCC_program.o
LOAD ./Src/MCAL/RCC/RCC_utilities.o
LOAD ./Src/MCAL/SYSTICK/SYSTICK_program.o
LOAD ./Src/MCAL/UART/UART_program.o
LOAD ./Src/Services/UARTIF_program.o
LOAD ./Src/main.o
LOAD ./Src/syscalls.o
LOAD ./Src/sysmem.o
LOAD ./Startup/startup_stm32f401rctx.o
START GROUP
LOAD D:/Embedded/STM32CubeIDE_1.13.1/STM32CubeIDE/plugins/com.st.stm32cube.ide.mcu.externaltools.gnu-tools-for-stm32.11.3.rel1.win32_1.1.0.202305231506/tools/bin/../lib/gcc/arm-none-eabi/11.3.1/../../../../arm-none-eabi/lib/thumb/v7e-m+fp/hard\libc_nano.a
LOAD D:/Embedded/STM32CubeIDE_1.13.1/STM32CubeIDE/plugins/com.st.stm32cube.ide.mcu.externaltools.gnu-tools-for-stm32.11.3.rel1.win32_1.1.0.202305231506/tools/bin/../lib/gcc/arm-none-eabi/11.3.1/../../../../arm-none-eabi/lib/thumb/v7e-m+fp/hard\libm.a
END GROUP
START GROUP
LOAD D:/Embedded/STM32CubeIDE_1.13.1/STM32CubeIDE/plugins/com.st.stm32cube.ide.mcu.externaltools.gnu-tools-for-stm32.11.3.rel1.win32_1.1.0.202305231506/tools/bin/../lib/gcc/arm-none-eabi/11.3.1/thumb/v7e-m+fp/hard\libgcc.a
LOAD D:/Embedded/STM32CubeIDE_1.13.1/STM32CubeIDE/plugins/com.st.stm32cube.ide.mcu.externaltools.gnu-tools-for-stm32.11.3.rel1.win32_1.1.0.202305231506/tools/bin/../lib/gcc/arm-none-eabi/11.3.1/../../../../arm-none-eabi/lib/thumb/v7e-m+fp/hard\libc_nano.a
END GROUP
START GROUP
LOAD D:/Embedded/STM32CubeIDE_1.13.1/STM32CubeIDE/plugins/com.st.stm32cube.ide.mcu.externaltools.gnu-tools-for-stm32.11.3.rel1.win32_1.1.0.202305231506/tools/bin/../lib/gcc/arm-none-eabi/11.3.1/thumb/v7e-m+fp/hard\libgcc.a
LOAD D:/Embedded/STM32CubeIDE_1.13.1/STM32CubeIDE/plugins/com.st.stm32cube.ide.mcu.externaltools.gnu-tools-for-stm32.11.3.rel1.win32_1.1.0.202305231506/tools/bin/../lib/gcc/arm-none-eabi/11.3.1/../../../../arm-none-eabi/lib/thumb/v7e-m+fp/hard\libc_nano.a
LOAD D:/Embedded/STM32CubeIDE_1.13.1/STM32CubeIDE/plugins/com.st.stm32cube.ide.mcu.externaltools.gnu-tools-for-stm32.11.3.rel1.win32_1.1.0.202305231506/tools/bin/../lib/gcc/arm-none-eabi/11.3.1/../../../../arm-none-eabi/lib/thumb/v7e-m+fp/hard\libnosys.a
END GROUP
START GROUP
LOAD D:/Embedded/STM32CubeIDE_1.13.1/STM32CubeIDE/plugins/com.st.stm32cube.ide.mcu.externaltools.gnu-tools-for-stm32.11.3.rel1.win32_1.1.0.202305231506/tools/bin/../lib/gcc/arm-none-eabi/11.3.1/thumb/v7e-m+fp/hard\libgcc.a
LOAD D:/Embedded/STM32CubeIDE_1.13.1/STM32CubeIDE/plugins/com.st.stm32cube.ide.mcu.externaltools.gnu-tools-for-stm32.11.3.rel1.win32_1.1.0.202305231506/tools/bin/../lib/gcc/arm-none-eabi/11.3.1/../../../../arm-none-eabi/lib/thumb/v7e-m+fp/hard\libc_nano.a
LOAD D:/Embedded/STM32CubeIDE_1.13.1/STM32CubeIDE/plugins/com.st.stm32cube.ide.mcu.externaltools.gnu-tools-for-stm32.11.3.rel1.win32_1.1.0.202305231506/tools/bin/../lib/gcc/arm-none-eabi/11.3.1/../../../../arm-none-eabi/lib/thumb/v7e-m+fp/hard\libnosys.a
END GROUP
LOAD D:/Embedded/STM32CubeIDE_1.13.1/STM32CubeIDE/plugins/com.st.stm32cube.ide.mcu.externaltools.gnu-tools-for-stm32.11.3.rel1.win32_1.1.0.202305231506/tools/bin/../lib/gcc/arm-none-eabi/11.3.1/thumb/v7e-m+fp/hard/crtend.o
LOAD D:/Embedded/STM32CubeIDE_1.13.1/STM32CubeIDE/plugins/com.st.stm32cube.ide.mcu.externaltools.gnu-tools-for-stm32.11.3.rel1.win32_1.1.0.202305231506/tools/bin/../lib/gcc/arm-none-eabi/11.3.1/thumb/v7e-m+fp/hard/crtn.o
                0x0000000020010000                _estack = (ORIGIN (RAM) + LENGTH (RAM))
                0x0000000000000200                _Min_Heap_Size = 0x200
                0x0000000000000400                _Min_Stack_Size = 0x400

.isr_vector     0x0000000008000000      0x194
                0x0000000008000000                . = ALIGN (0x4)
 *(.isr_vector)
 .isr_vector    0x0000000008000000      0x194 ./Startup/startup_stm32f401rctx.o
                0x0000000008000000                g_pfnVectors
                0x0000000008000194                . = ALIGN (0x4)

.text           0x0000000008000194     0x1558
                0x0000000008000194                . = ALIGN (0x4)
 *(.text)
 .text          0x0000000008000194       0x40 D:/Embedded/STM32CubeIDE_1.13.1/STM32CubeIDE/plugins/com.st.stm32cube.ide.mcu.externaltools.gnu-tools-for-stm32.11.3.rel1.win32_1.1.0.202305231506/tools/bin/../lib/gcc/arm-none-eabi/11.3.1/thumb/v7e-m+fp/hard/crtbegin.o
 *(.text*)
 .text.Det_ReportError
                0x00000000080001d4       0x14 ./Inc/Lib/DET.o
                0x00000000080001d4                Det_ReportError
 .text.Bootloader_init
                0x00000000080001e8       0x1c ./Src/APP/Bootloader/Bootloader_program.o
                0x00000000080001e8                Bootloader_init
 .text.allocateRows
                0x0000000008000204       0x26 ./Src/APP/Bootloader/Bootloader_program.o
                0x0000000008000204                allocateRows
 *fill*         0x000000000800022a        0x2 
 .text.allocateCols
                0x000000000800022c       0x40 ./Src/APP/Bootloader/Bootloader_program.o
                0x000000000800022c                allocateCols
 .text.Bootloader_write
                0x000000000800026c      0x214 ./Src/APP/Bootloader/Bootloader_program.o
                0x000000000800026c                Bootloader_write
 .text.Bootloader_MassErase
                0x0000000008000480        0xe ./Src/APP/Bootloader/Bootloader_program.o
                0x0000000008000480                Bootloader_MassErase
 .text.Bootloader_AppErase
                0x000000000800048e       0x26 ./Src/APP/Bootloader/Bootloader_program.o
                0x000000000800048e                Bootloader_AppErase
 .text.Bootloader_ExcecuteApp
                0x00000000080004b4       0x30 ./Src/APP/Bootloader/Bootloader_program.o
                0x00000000080004b4                Bootloader_ExcecuteApp
 .text.Bootloader_sendmsg
                0x00000000080004e4       0x38 ./Src/APP/Bootloader/Bootloader_program.o
                0x00000000080004e4                Bootloader_sendmsg
 .text.Bootloader_sendack
                0x000000000800051c       0x14 ./Src/APP/Bootloader/Bootloader_program.o
                0x000000000800051c                Bootloader_sendack
 .text.Bootloader_sendnack
                0x0000000008000530       0x14 ./Src/APP/Bootloader/Bootloader_program.o
                0x0000000008000530                Bootloader_sendnack
 .text.Bootloader_ProcessData
                0x0000000008000544      0x208 ./Src/APP/Bootloader/Bootloader_program.o
                0x0000000008000544                Bootloader_ProcessData
 .text.FLS_MassErase
                0x000000000800074c       0x5c ./Src/MCAL/FLS/FLS_program.o
                0x000000000800074c                FLS_MassErase
 .text.FLS_EraseSector
                0x00000000080007a8       0x80 ./Src/MCAL/FLS/FLS_program.o
                0x00000000080007a8                FLS_EraseSector
 .text.FLS_WriteSector
                0x0000000008000828       0xc4 ./Src/MCAL/FLS/FLS_program.o
                0x0000000008000828                FLS_WriteSector
 .text.FLS_GetAddressSectorID
                0x00000000080008ec       0x48 ./Src/MCAL/FLS/FLS_program.o
                0x00000000080008ec                FLS_GetAddressSectorID
 .text.GPIO_Init
                0x0000000008000934      0x4e4 ./Src/MCAL/GPIO/GPIO_program.o
                0x0000000008000934                GPIO_Init
 .text.NVIC_udtEnableInterrupt
                0x0000000008000e18       0x44 ./Src/MCAL/NVIC/NVIC_program.o
                0x0000000008000e18                NVIC_udtEnableInterrupt
 .text.NVIC_udtDisableInterrupt
                0x0000000008000e5c       0x44 ./Src/MCAL/NVIC/NVIC_program.o
                0x0000000008000e5c                NVIC_udtDisableInterrupt
 .text.RCC_SelectHSEOSC
                0x0000000008000ea0       0x6c ./Src/MCAL/RCC/RCC_program.o
                0x0000000008000ea0                RCC_SelectHSEOSC
 .text.RCC_udtInitSystemClock
                0x0000000008000f0c       0x1c ./Src/MCAL/RCC/RCC_program.o
                0x0000000008000f0c                RCC_udtInitSystemClock
 .text.RCC_udtDeinitSystemClock
                0x0000000008000f28       0x98 ./Src/MCAL/RCC/RCC_program.o
                0x0000000008000f28                RCC_udtDeinitSystemClock
 .text.RCC_udtEnablePeripheralClock
                0x0000000008000fc0       0x90 ./Src/MCAL/RCC/RCC_program.o
                0x0000000008000fc0                RCC_udtEnablePeripheralClock
 .text.RCC_udtDisablePeripheralClock
                0x0000000008001050       0x98 ./Src/MCAL/RCC/RCC_program.o
                0x0000000008001050                RCC_udtDisablePeripheralClock
 .text.SYSTICK_udtSynchMsecondsDelay
                0x00000000080010e8       0x80 ./Src/MCAL/SYSTICK/SYSTICK_program.o
                0x00000000080010e8                SYSTICK_udtSynchMsecondsDelay
 .text.SYSTICK_vidInit
                0x0000000008001168       0x28 ./Src/MCAL/SYSTICK/SYSTICK_program.o
                0x0000000008001168                SYSTICK_vidInit
 .text.SysTick_Handler
                0x0000000008001190       0x60 ./Src/MCAL/SYSTICK/SYSTICK_program.o
                0x0000000008001190                SysTick_Handler
 .text.UART_init
                0x00000000080011f0       0x54 ./Src/MCAL/UART/UART_program.o
                0x00000000080011f0                UART_init
 .text.UART_udtReceiveINT
                0x0000000008001244       0x24 ./Src/MCAL/UART/UART_program.o
                0x0000000008001244                UART_udtReceiveINT
 .text.UART_udtTransmitByte
                0x0000000008001268       0x3c ./Src/MCAL/UART/UART_program.o
                0x0000000008001268                UART_udtTransmitByte
 .text.UART_udtTransmit
                0x00000000080012a4       0x3c ./Src/MCAL/UART/UART_program.o
                0x00000000080012a4                UART_udtTransmit
 .text.USART1_setIRQHandler
                0x00000000080012e0       0x20 ./Src/MCAL/UART/UART_program.o
                0x00000000080012e0                USART1_setIRQHandler
 .text.USART1_IRQHandler
                0x0000000008001300       0x14 ./Src/MCAL/UART/UART_program.o
                0x0000000008001300                USART1_IRQHandler
 .text.UARTIFinitialize
                0x0000000008001314       0x18 ./Src/Services/UARTIF_program.o
                0x0000000008001314                UARTIFinitialize
 .text.UARTIF_attachcomponentcallback
                0x000000000800132c       0x20 ./Src/Services/UARTIF_program.o
                0x000000000800132c                UARTIF_attachcomponentcallback
 .text.UARTIF_passIRQ
                0x000000000800134c       0x14 ./Src/Services/UARTIF_program.o
                0x000000000800134c                UARTIF_passIRQ
 .text.UARTIF_readData
                0x0000000008001360       0x16 ./Src/Services/UARTIF_program.o
                0x0000000008001360                UARTIF_readData
 .text.UARTIF_sendData
                0x0000000008001376       0x16 ./Src/Services/UARTIF_program.o
                0x0000000008001376                UARTIF_sendData
 .text.main     0x000000000800138c       0x6c ./Src/main.o
                0x000000000800138c                main
 .text._sbrk    0x00000000080013f8       0x6c ./Src/sysmem.o
                0x00000000080013f8                _sbrk
 .text.Reset_Handler
                0x0000000008001464       0x50 ./Startup/startup_stm32f401rctx.o
                0x0000000008001464                Reset_Handler
 .text.Default_Handler
                0x00000000080014b4        0x2 ./Startup/startup_stm32f401rctx.o
                0x00000000080014b4                EXTI2_IRQHandler
                0x00000000080014b4                DebugMon_Handler
                0x00000000080014b4                SPI4_IRQHandler
                0x00000000080014b4                TIM1_CC_IRQHandler
                0x00000000080014b4                DMA2_Stream5_IRQHandler
                0x00000000080014b4                HardFault_Handler
                0x00000000080014b4                DMA1_Stream5_IRQHandler
                0x00000000080014b4                SDIO_IRQHandler
                0x00000000080014b4                TAMP_STAMP_IRQHandler
                0x00000000080014b4                PendSV_Handler
                0x00000000080014b4                NMI_Handler
                0x00000000080014b4                EXTI3_IRQHandler
                0x00000000080014b4                TIM1_UP_TIM10_IRQHandler
                0x00000000080014b4                I2C3_ER_IRQHandler
                0x00000000080014b4                EXTI18_OTG_FS_WKUP_IRQHandler
                0x00000000080014b4                EXTI0_IRQHandler
                0x00000000080014b4                I2C2_EV_IRQHandler
                0x00000000080014b4                DMA1_Stream2_IRQHandler
                0x00000000080014b4                UsageFault_Handler
                0x00000000080014b4                DMA2_Stream2_IRQHandler
                0x00000000080014b4                SPI1_IRQHandler
                0x00000000080014b4                TIM1_BRK_TIM9_IRQHandler
                0x00000000080014b4                DMA2_Stream3_IRQHandler
                0x00000000080014b4                USART6_IRQHandler
                0x00000000080014b4                DMA2_Stream0_IRQHandler
                0x00000000080014b4                TIM4_IRQHandler
                0x00000000080014b4                I2C1_EV_IRQHandler
                0x00000000080014b4                DMA1_Stream6_IRQHandler
                0x00000000080014b4                DMA1_Stream1_IRQHandler
                0x00000000080014b4                TIM3_IRQHandler
                0x00000000080014b4                RCC_IRQHandler
                0x00000000080014b4                Default_Handler
                0x00000000080014b4                EXTI15_10_IRQHandler
                0x00000000080014b4                ADC_IRQHandler
                0x00000000080014b4                DMA1_Stream7_IRQHandler
                0x00000000080014b4                TIM5_IRQHandler
                0x00000000080014b4                DMA2_Stream7_IRQHandler
                0x00000000080014b4                I2C3_EV_IRQHandler
                0x00000000080014b4                EXTI9_5_IRQHandler
                0x00000000080014b4                SPI2_IRQHandler
                0x00000000080014b4                MemManage_Handler
                0x00000000080014b4                DMA1_Stream0_IRQHandler
                0x00000000080014b4                SVC_Handler
                0x00000000080014b4                EXTI4_IRQHandler
                0x00000000080014b4                EXTI22_RTC_WKUP_IRQHandler
                0x00000000080014b4                TIM2_IRQHandler
                0x00000000080014b4                EXTI16_PVD_IRQHandler
                0x00000000080014b4                TIM1_TRG_COM_TIM11_IRQHandler
                0x00000000080014b4                EXTI1_IRQHandler
                0x00000000080014b4                EXTI17_RTC_Alarm_IRQHandler
                0x00000000080014b4                USART2_IRQHandler
                0x00000000080014b4                I2C2_ER_IRQHandler
                0x00000000080014b4                DMA2_Stream1_IRQHandler
                0x00000000080014b4                FLASH_IRQHandler
                0x00000000080014b4                DMA2_Stream4_IRQHandler
                0x00000000080014b4                BusFault_Handler
                0x00000000080014b4                OTG_FS_IRQHandler
                0x00000000080014b4                SPI3_IRQHandler
                0x00000000080014b4                DMA1_Stream4_IRQHandler
                0x00000000080014b4                I2C1_ER_IRQHandler
                0x00000000080014b4                DMA2_Stream6_IRQHandler
                0x00000000080014b4                DMA1_Stream3_IRQHandler
 *fill*         0x00000000080014b6        0x2 
 .text.calloc   0x00000000080014b8       0x10 D:/Embedded/STM32CubeIDE_1.13.1/STM32CubeIDE/plugins/com.st.stm32cube.ide.mcu.externaltools.gnu-tools-for-stm32.11.3.rel1.win32_1.1.0.202305231506/tools/bin/../lib/gcc/arm-none-eabi/11.3.1/../../../../arm-none-eabi/lib/thumb/v7e-m+fp/hard\libc_nano.a(libc_a-calloc.o)
                0x00000000080014b8                calloc
 .text._calloc_r
                0x00000000080014c8       0x2c D:/Embedded/STM32CubeIDE_1.13.1/STM32CubeIDE/plugins/com.st.stm32cube.ide.mcu.externaltools.gnu-tools-for-stm32.11.3.rel1.win32_1.1.0.202305231506/tools/bin/../lib/gcc/arm-none-eabi/11.3.1/../../../../arm-none-eabi/lib/thumb/v7e-m+fp/hard\libc_nano.a(libc_a-callocr.o)
                0x00000000080014c8                _calloc_r
 .text.sbrk_aligned
                0x00000000080014f4       0x40 D:/Embedded/STM32CubeIDE_1.13.1/STM32CubeIDE/plugins/com.st.stm32cube.ide.mcu.externaltools.gnu-tools-for-stm32.11.3.rel1.win32_1.1.0.202305231506/tools/bin/../lib/gcc/arm-none-eabi/11.3.1/../../../../arm-none-eabi/lib/thumb/v7e-m+fp/hard\libc_nano.a(libc_a-mallocr.o)
 .text._malloc_r
                0x0000000008001534      0x100 D:/Embedded/STM32CubeIDE_1.13.1/STM32CubeIDE/plugins/com.st.stm32cube.ide.mcu.externaltools.gnu-tools-for-stm32.11.3.rel1.win32_1.1.0.202305231506/tools/bin/../lib/gcc/arm-none-eabi/11.3.1/../../../../arm-none-eabi/lib/thumb/v7e-m+fp/hard\libc_nano.a(libc_a-mallocr.o)
                0x0000000008001534                _malloc_r
 .text.__malloc_lock
                0x0000000008001634        0xc D:/Embedded/STM32CubeIDE_1.13.1/STM32CubeIDE/plugins/com.st.stm32cube.ide.mcu.externaltools.gnu-tools-for-stm32.11.3.rel1.win32_1.1.0.202305231506/tools/bin/../lib/gcc/arm-none-eabi/11.3.1/../../../../arm-none-eabi/lib/thumb/v7e-m+fp/hard\libc_nano.a(libc_a-mlock.o)
                0x0000000008001634                __malloc_lock
 .text.__malloc_unlock
                0x0000000008001640        0xc D:/Embedded/STM32CubeIDE_1.13.1/STM32CubeIDE/plugins/com.st.stm32cube.ide.mcu.externaltools.gnu-tools-for-stm32.11.3.rel1.win32_1.1.0.202305231506/tools/bin/../lib/gcc/arm-none-eabi/11.3.1/../../../../arm-none-eabi/lib/thumb/v7e-m+fp/hard\libc_nano.a(libc_a-mlock.o)
                0x0000000008001640                __malloc_unlock
 .text.memset   0x000000000800164c       0x10 D:/Embedded/STM32CubeIDE_1.13.1/STM32CubeIDE/plugins/com.st.stm32cube.ide.mcu.externaltools.gnu-tools-for-stm32.11.3.rel1.win32_1.1.0.202305231506/tools/bin/../lib/gcc/arm-none-eabi/11.3.1/../../../../arm-none-eabi/lib/thumb/v7e-m+fp/hard\libc_nano.a(libc_a-memset.o)
                0x000000000800164c                memset
 .text._sbrk_r  0x000000000800165c       0x20 D:/Embedded/STM32CubeIDE_1.13.1/STM32CubeIDE/plugins/com.st.stm32cube.ide.mcu.externaltools.gnu-tools-for-stm32.11.3.rel1.win32_1.1.0.202305231506/tools/bin/../lib/gcc/arm-none-eabi/11.3.1/../../../../arm-none-eabi/lib/thumb/v7e-m+fp/hard\libc_nano.a(libc_a-sbrkr.o)
                0x000000000800165c                _sbrk_r
 .text.__errno  0x000000000800167c        0xc D:/Embedded/STM32CubeIDE_1.13.1/STM32CubeIDE/plugins/com.st.stm32cube.ide.mcu.externaltools.gnu-tools-for-stm32.11.3.rel1.win32_1.1.0.202305231506/tools/bin/../lib/gcc/arm-none-eabi/11.3.1/../../../../arm-none-eabi/lib/thumb/v7e-m+fp/hard\libc_nano.a(libc_a-errno.o)
                0x000000000800167c                __errno
 .text.__libc_init_array
                0x0000000008001688       0x48 D:/Embedded/STM32CubeIDE_1.13.1/STM32CubeIDE/plugins/com.st.stm32cube.ide.mcu.externaltools.gnu-tools-for-stm32.11.3.rel1.win32_1.1.0.202305231506/tools/bin/../lib/gcc/arm-none-eabi/11.3.1/../../../../arm-none-eabi/lib/thumb/v7e-m+fp/hard\libc_nano.a(libc_a-init.o)
                0x0000000008001688                __libc_init_array
 .text.__retarget_lock_acquire_recursive
                0x00000000080016d0        0x2 D:/Embedded/STM32CubeIDE_1.13.1/STM32CubeIDE/plugins/com.st.stm32cube.ide.mcu.externaltools.gnu-tools-for-stm32.11.3.rel1.win32_1.1.0.202305231506/tools/bin/../lib/gcc/arm-none-eabi/11.3.1/../../../../arm-none-eabi/lib/thumb/v7e-m+fp/hard\libc_nano.a(libc_a-lock.o)
                0x00000000080016d0                __retarget_lock_acquire_recursive
 .text.__retarget_lock_release_recursive
                0x00000000080016d2        0x2 D:/Embedded/STM32CubeIDE_1.13.1/STM32CubeIDE/plugins/com.st.stm32cube.ide.mcu.externaltools.gnu-tools-for-stm32.11.3.rel1.win32_1.1.0.202305231506/tools/bin/../lib/gcc/arm-none-eabi/11.3.1/../../../../arm-none-eabi/lib/thumb/v7e-m+fp/hard\libc_nano.a(libc_a-lock.o)
                0x00000000080016d2                __retarget_lock_release_recursive
 *(.glue_7)
 .glue_7        0x00000000080016d4        0x0 linker stubs
 *(.glue_7t)
 .glue_7t       0x00000000080016d4        0x0 linker stubs
 *(.eh_frame)
 .eh_frame      0x00000000080016d4        0x0 D:/Embedded/STM32CubeIDE_1.13.1/STM32CubeIDE/plugins/com.st.stm32cube.ide.mcu.externaltools.gnu-tools-for-stm32.11.3.rel1.win32_1.1.0.202305231506/tools/bin/../lib/gcc/arm-none-eabi/11.3.1/thumb/v7e-m+fp/hard/crtbegin.o
 *(.init)
 .init          0x00000000080016d4        0x4 D:/Embedded/STM32CubeIDE_1.13.1/STM32CubeIDE/plugins/com.st.stm32cube.ide.mcu.externaltools.gnu-tools-for-stm32.11.3.rel1.win32_1.1.0.202305231506/tools/bin/../lib/gcc/arm-none-eabi/11.3.1/thumb/v7e-m+fp/hard/crti.o
                0x00000000080016d4                _init
 .init          0x00000000080016d8        0x8 D:/Embedded/STM32CubeIDE_1.13.1/STM32CubeIDE/plugins/com.st.stm32cube.ide.mcu.externaltools.gnu-tools-for-stm32.11.3.rel1.win32_1.1.0.202305231506/tools/bin/../lib/gcc/arm-none-eabi/11.3.1/thumb/v7e-m+fp/hard/crtn.o
 *(.fini)
 .fini          0x00000000080016e0        0x4 D:/Embedded/STM32CubeIDE_1.13.1/STM32CubeIDE/plugins/com.st.stm32cube.ide.mcu.externaltools.gnu-tools-for-stm32.11.3.rel1.win32_1.1.0.202305231506/tools/bin/../lib/gcc/arm-none-eabi/11.3.1/thumb/v7e-m+fp/hard/crti.o
                0x00000000080016e0                _fini
 .fini          0x00000000080016e4        0x8 D:/Embedded/STM32CubeIDE_1.13.1/STM32CubeIDE/plugins/com.st.stm32cube.ide.mcu.externaltools.gnu-tools-for-stm32.11.3.rel1.win32_1.1.0.202305231506/tools/bin/../lib/gcc/arm-none-eabi/11.3.1/thumb/v7e-m+fp/hard/crtn.o
                0x00000000080016ec                . = ALIGN (0x4)
                0x00000000080016ec                _etext = .

.vfp11_veneer   0x00000000080016ec        0x0
 .vfp11_veneer  0x00000000080016ec        0x0 linker stubs

.v4_bx          0x00000000080016ec        0x0
 .v4_bx         0x00000000080016ec        0x0 linker stubs

.iplt           0x00000000080016ec        0x0
 .iplt          0x00000000080016ec        0x0 D:/Embedded/STM32CubeIDE_1.13.1/STM32CubeIDE/plugins/com.st.stm32cube.ide.mcu.externaltools.gnu-tools-for-stm32.11.3.rel1.win32_1.1.0.202305231506/tools/bin/../lib/gcc/arm-none-eabi/11.3.1/thumb/v7e-m+fp/hard/crtbegin.o

.rodata         0x00000000080016ec       0x40
                0x00000000080016ec                . = ALIGN (0x4)
 *(.rodata)
 .rodata        0x00000000080016ec        0x9 ./Src/APP/Bootloader/Bootloader_program.o
 *fill*         0x00000000080016f5        0x3 
 .rodata        0x00000000080016f8        0x4 ./Src/main.o
 *(.rodata*)
 .rodata.SECTORS_ADDRESSES
                0x00000000080016fc       0x18 ./Src/MCAL/FLS/FLS_program.o
                0x00000000080016fc                SECTORS_ADDRESSES
 .rodata.SECTORS_MAXSIZES
                0x0000000008001714       0x18 ./Src/MCAL/FLS/FLS_program.o
                0x0000000008001714                SECTORS_MAXSIZES
                0x000000000800172c                . = ALIGN (0x4)

.rel.dyn        0x000000000800172c        0x0
 .rel.iplt      0x000000000800172c        0x0 D:/Embedded/STM32CubeIDE_1.13.1/STM32CubeIDE/plugins/com.st.stm32cube.ide.mcu.externaltools.gnu-tools-for-stm32.11.3.rel1.win32_1.1.0.202305231506/tools/bin/../lib/gcc/arm-none-eabi/11.3.1/thumb/v7e-m+fp/hard/crtbegin.o

.ARM.extab      0x000000000800172c        0x0
                0x000000000800172c                . = ALIGN (0x4)
 *(.ARM.extab* .gnu.linkonce.armextab.*)
                0x000000000800172c                . = ALIGN (0x4)

.ARM            0x000000000800172c        0x0
                0x000000000800172c                . = ALIGN (0x4)
                0x000000000800172c                __exidx_start = .
 *(.ARM.exidx*)
                0x000000000800172c                __exidx_end = .
                0x000000000800172c                . = ALIGN (0x4)

.preinit_array  0x000000000800172c        0x0
                0x000000000800172c                . = ALIGN (0x4)
                0x000000000800172c                PROVIDE (__preinit_array_start = .)
 *(.preinit_array*)
                0x000000000800172c                PROVIDE (__preinit_array_end = .)
                0x000000000800172c                . = ALIGN (0x4)

.init_array     0x000000000800172c        0x4
                0x000000000800172c                . = ALIGN (0x4)
                0x000000000800172c                PROVIDE (__init_array_start = .)
 *(SORT_BY_NAME(.init_array.*))
 *(.init_array*)
 .init_array    0x000000000800172c        0x4 D:/Embedded/STM32CubeIDE_1.13.1/STM32CubeIDE/plugins/com.st.stm32cube.ide.mcu.externaltools.gnu-tools-for-stm32.11.3.rel1.win32_1.1.0.202305231506/tools/bin/../lib/gcc/arm-none-eabi/11.3.1/thumb/v7e-m+fp/hard/crtbegin.o
                0x0000000008001730                PROVIDE (__init_array_end = .)
                0x0000000008001730                . = ALIGN (0x4)

.fini_array     0x0000000008001730        0x4
                0x0000000008001730                . = ALIGN (0x4)
                [!provide]                        PROVIDE (__fini_array_start = .)
 *(SORT_BY_NAME(.fini_array.*))
 *(.fini_array*)
 .fini_array    0x0000000008001730        0x4 D:/Embedded/STM32CubeIDE_1.13.1/STM32CubeIDE/plugins/com.st.stm32cube.ide.mcu.externaltools.gnu-tools-for-stm32.11.3.rel1.win32_1.1.0.202305231506/tools/bin/../lib/gcc/arm-none-eabi/11.3.1/thumb/v7e-m+fp/hard/crtbegin.o
                [!provide]                        PROVIDE (__fini_array_end = .)
                0x0000000008001734                . = ALIGN (0x4)
                0x0000000008001734                _sidata = LOADADDR (.data)

.data           0x0000000020000000       0x74 load address 0x0000000008001734
                0x0000000020000000                . = ALIGN (0x4)
                0x0000000020000000                _sdata = .
 *(.data)
 *(.data*)
 .data.Bootloader_ACKFlag
                0x0000000020000000        0x1 ./Src/APP/Bootloader/Bootloader_program.o
                0x0000000020000000                Bootloader_ACKFlag
 *fill*         0x0000000020000001        0x3 
 .data.GPIO_udtArrayOfPins
                0x0000000020000004        0xe ./Src/MCAL/GPIO/GPIO_lcfg.o
                0x0000000020000004                GPIO_udtArrayOfPins
 *fill*         0x0000000020000012        0x2 
 .data.GPIOx    0x0000000020000014        0xc ./Src/MCAL/GPIO/GPIO_program.o
 .data.SYSTICK_u8IsInitialized
                0x0000000020000020        0x1 ./Src/MCAL/SYSTICK/SYSTICK_program.o
                0x0000000020000020                SYSTICK_u8IsInitialized
 *fill*         0x0000000020000021        0x1 
 .data.u16Counter.0
                0x0000000020000022        0x2 ./Src/MCAL/SYSTICK/SYSTICK_program.o
 .data._impure_data
                0x0000000020000024       0x4c D:/Embedded/STM32CubeIDE_1.13.1/STM32CubeIDE/plugins/com.st.stm32cube.ide.mcu.externaltools.gnu-tools-for-stm32.11.3.rel1.win32_1.1.0.202305231506/tools/bin/../lib/gcc/arm-none-eabi/11.3.1/../../../../arm-none-eabi/lib/thumb/v7e-m+fp/hard\libc_nano.a(libc_a-impure.o)
                0x0000000020000024                _impure_data
 .data._impure_ptr
                0x0000000020000070        0x4 D:/Embedded/STM32CubeIDE_1.13.1/STM32CubeIDE/plugins/com.st.stm32cube.ide.mcu.externaltools.gnu-tools-for-stm32.11.3.rel1.win32_1.1.0.202305231506/tools/bin/../lib/gcc/arm-none-eabi/11.3.1/../../../../arm-none-eabi/lib/thumb/v7e-m+fp/hard\libc_nano.a(libc_a-impure.o)
                0x0000000020000070                _impure_ptr
 *(.RamFunc)
 *(.RamFunc*)
                0x0000000020000074                . = ALIGN (0x4)
                0x0000000020000074                _edata = .

.igot.plt       0x0000000020000074        0x0 load address 0x00000000080017a8
 .igot.plt      0x0000000020000074        0x0 D:/Embedded/STM32CubeIDE_1.13.1/STM32CubeIDE/plugins/com.st.stm32cube.ide.mcu.externaltools.gnu-tools-for-stm32.11.3.rel1.win32_1.1.0.202305231506/tools/bin/../lib/gcc/arm-none-eabi/11.3.1/thumb/v7e-m+fp/hard/crtbegin.o
                0x0000000020000074                . = ALIGN (0x4)

.bss            0x0000000020000074      0x18c load address 0x00000000080017a8
                0x0000000020000074                _sbss = .
                0x0000000020000074                __bss_start__ = _sbss
 *(.bss)
 .bss           0x0000000020000074       0x1c D:/Embedded/STM32CubeIDE_1.13.1/STM32CubeIDE/plugins/com.st.stm32cube.ide.mcu.externaltools.gnu-tools-for-stm32.11.3.rel1.win32_1.1.0.202305231506/tools/bin/../lib/gcc/arm-none-eabi/11.3.1/thumb/v7e-m+fp/hard/crtbegin.o
 *(.bss*)
 .bss.jumpAddress
                0x0000000020000090        0x4 ./Src/APP/Bootloader/Bootloader_program.o
                0x0000000020000090                jumpAddress
 .bss.Bootloader_FlashFlag
                0x0000000020000094        0x1 ./Src/APP/Bootloader/Bootloader_program.o
                0x0000000020000094                Bootloader_FlashFlag
 .bss.Bootloader_JUMPFlag
                0x0000000020000095        0x1 ./Src/APP/Bootloader/Bootloader_program.o
                0x0000000020000095                Bootloader_JUMPFlag
 .bss.Bootloader_checksum
                0x0000000020000096        0x1 ./Src/APP/Bootloader/Bootloader_program.o
                0x0000000020000096                Bootloader_checksum
 *fill*         0x0000000020000097        0x1 
 .bss.u8data    0x0000000020000098        0x4 ./Src/APP/Bootloader/Bootloader_program.o
                0x0000000020000098                u8data
 .bss.u8cols    0x000000002000009c        0x1 ./Src/APP/Bootloader/Bootloader_program.o
                0x000000002000009c                u8cols
 .bss.u8row     0x000000002000009d        0x1 ./Src/APP/Bootloader/Bootloader_program.o
                0x000000002000009d                u8row
 .bss.u8recievedCmnd.2
                0x000000002000009e        0x1 ./Src/APP/Bootloader/Bootloader_program.o
 *fill*         0x000000002000009f        0x1 
 .bss.u16memsize.1
                0x00000000200000a0        0x2 ./Src/APP/Bootloader/Bootloader_program.o
 .bss.u8recordsize.0
                0x00000000200000a2        0x1 ./Src/APP/Bootloader/Bootloader_program.o
 *fill*         0x00000000200000a3        0x1 
 .bss.SYSTICK_pvCallBack
                0x00000000200000a4        0x4 ./Src/MCAL/SYSTICK/SYSTICK_program.o
                0x00000000200000a4                SYSTICK_pvCallBack
 .bss.SYSTICK_u16GlobalSeconds
                0x00000000200000a8        0x2 ./Src/MCAL/SYSTICK/SYSTICK_program.o
                0x00000000200000a8                SYSTICK_u16GlobalSeconds
 .bss.SYSTICK_u8SingleIndicator
                0x00000000200000aa        0x1 ./Src/MCAL/SYSTICK/SYSTICK_program.o
                0x00000000200000aa                SYSTICK_u8SingleIndicator
 *fill*         0x00000000200000ab        0x1 
 .bss.USART_pvCallBack
                0x00000000200000ac        0x4 ./Src/MCAL/UART/UART_program.o
                0x00000000200000ac                USART_pvCallBack
 .bss.UARTIF_pvCallBack
                0x00000000200000b0        0x4 ./Src/Services/UARTIF_program.o
                0x00000000200000b0                UARTIF_pvCallBack
 .bss.__sbrk_heap_end
                0x00000000200000b4        0x4 ./Src/sysmem.o
 .bss.__malloc_free_list
                0x00000000200000b8        0x4 D:/Embedded/STM32CubeIDE_1.13.1/STM32CubeIDE/plugins/com.st.stm32cube.ide.mcu.externaltools.gnu-tools-for-stm32.11.3.rel1.win32_1.1.0.202305231506/tools/bin/../lib/gcc/arm-none-eabi/11.3.1/../../../../arm-none-eabi/lib/thumb/v7e-m+fp/hard\libc_nano.a(libc_a-mallocr.o)
                0x00000000200000b8                __malloc_free_list
 .bss.__malloc_sbrk_start
                0x00000000200000bc        0x4 D:/Embedded/STM32CubeIDE_1.13.1/STM32CubeIDE/plugins/com.st.stm32cube.ide.mcu.externaltools.gnu-tools-for-stm32.11.3.rel1.win32_1.1.0.202305231506/tools/bin/../lib/gcc/arm-none-eabi/11.3.1/../../../../arm-none-eabi/lib/thumb/v7e-m+fp/hard\libc_nano.a(libc_a-mallocr.o)
                0x00000000200000bc                __malloc_sbrk_start
 .bss.__sf      0x00000000200000c0      0x138 D:/Embedded/STM32CubeIDE_1.13.1/STM32CubeIDE/plugins/com.st.stm32cube.ide.mcu.externaltools.gnu-tools-for-stm32.11.3.rel1.win32_1.1.0.202305231506/tools/bin/../lib/gcc/arm-none-eabi/11.3.1/../../../../arm-none-eabi/lib/thumb/v7e-m+fp/hard\libc_nano.a(libc_a-findfp.o)
                0x00000000200000c0                __sf
 .bss.errno     0x00000000200001f8        0x4 D:/Embedded/STM32CubeIDE_1.13.1/STM32CubeIDE/plugins/com.st.stm32cube.ide.mcu.externaltools.gnu-tools-for-stm32.11.3.rel1.win32_1.1.0.202305231506/tools/bin/../lib/gcc/arm-none-eabi/11.3.1/../../../../arm-none-eabi/lib/thumb/v7e-m+fp/hard\libc_nano.a(libc_a-reent.o)
                0x00000000200001f8                errno
 .bss.__lock___malloc_recursive_mutex
                0x00000000200001fc        0x1 D:/Embedded/STM32CubeIDE_1.13.1/STM32CubeIDE/plugins/com.st.stm32cube.ide.mcu.externaltools.gnu-tools-for-stm32.11.3.rel1.win32_1.1.0.202305231506/tools/bin/../lib/gcc/arm-none-eabi/11.3.1/../../../../arm-none-eabi/lib/thumb/v7e-m+fp/hard\libc_nano.a(libc_a-lock.o)
                0x00000000200001fc                __lock___malloc_recursive_mutex
 *(COMMON)
                0x0000000020000200                . = ALIGN (0x4)
 *fill*         0x00000000200001fd        0x3 
                0x0000000020000200                _ebss = .
                0x0000000020000200                __bss_end__ = _ebss

._user_heap_stack
                0x0000000020000200      0x600 load address 0x00000000080017a8
                0x0000000020000200                . = ALIGN (0x8)
                [!provide]                        PROVIDE (end = .)
                0x0000000020000200                PROVIDE (_end = .)
                0x0000000020000400                . = (. + _Min_Heap_Size)
 *fill*         0x0000000020000200      0x200 
                0x0000000020000800                . = (. + _Min_Stack_Size)
 *fill*         0x0000000020000400      0x400 
                0x0000000020000800                . = ALIGN (0x8)

/DISCARD/
 libc.a(*)
 libm.a(*)
 libgcc.a(*)

.ARM.attributes
                0x0000000000000000       0x30
 *(.ARM.attributes)
 .ARM.attributes
                0x0000000000000000       0x1e D:/Embedded/STM32CubeIDE_1.13.1/STM32CubeIDE/plugins/com.st.stm32cube.ide.mcu.externaltools.gnu-tools-for-stm32.11.3.rel1.win32_1.1.0.202305231506/tools/bin/../lib/gcc/arm-none-eabi/11.3.1/thumb/v7e-m+fp/hard/crti.o
 .ARM.attributes
                0x000000000000001e       0x34 D:/Embedded/STM32CubeIDE_1.13.1/STM32CubeIDE/plugins/com.st.stm32cube.ide.mcu.externaltools.gnu-tools-for-stm32.11.3.rel1.win32_1.1.0.202305231506/tools/bin/../lib/gcc/arm-none-eabi/11.3.1/thumb/v7e-m+fp/hard/crtbegin.o
 .ARM.attributes
                0x0000000000000052       0x34 ./Inc/Lib/DET.o
 .ARM.attributes
                0x0000000000000086       0x34 ./Src/APP/Bootloader/Bootloader_program.o
 .ARM.attributes
                0x00000000000000ba       0x34 ./Src/MCAL/FLS/FLS_program.o
 .ARM.attributes
                0x00000000000000ee       0x34 ./Src/MCAL/GPIO/GPIO_lcfg.o
 .ARM.attributes
                0x0000000000000122       0x34 ./Src/MCAL/GPIO/GPIO_program.o
 .ARM.attributes
                0x0000000000000156       0x34 ./Src/MCAL/NVIC/NVIC_program.o
 .ARM.attributes
                0x000000000000018a       0x34 ./Src/MCAL/RCC/RCC_program.o
 .ARM.attributes
                0x00000000000001be       0x34 ./Src/MCAL/SYSTICK/SYSTICK_program.o
 .ARM.attributes
                0x00000000000001f2       0x34 ./Src/MCAL/UART/UART_program.o
 .ARM.attributes
                0x0000000000000226       0x34 ./Src/Services/UARTIF_program.o
 .ARM.attributes
                0x000000000000025a       0x34 ./Src/main.o
 .ARM.attributes
                0x000000000000028e       0x34 ./Src/sysmem.o
 .ARM.attributes
                0x00000000000002c2       0x21 ./Startup/startup_stm32f401rctx.o
 .ARM.attributes
                0x00000000000002e3       0x34 D:/Embedded/STM32CubeIDE_1.13.1/STM32CubeIDE/plugins/com.st.stm32cube.ide.mcu.externaltools.gnu-tools-for-stm32.11.3.rel1.win32_1.1.0.202305231506/tools/bin/../lib/gcc/arm-none-eabi/11.3.1/../../../../arm-none-eabi/lib/thumb/v7e-m+fp/hard\libc_nano.a(libc_a-calloc.o)
 .ARM.attributes
                0x0000000000000317       0x34 D:/Embedded/STM32CubeIDE_1.13.1/STM32CubeIDE/plugins/com.st.stm32cube.ide.mcu.externaltools.gnu-tools-for-stm32.11.3.rel1.win32_1.1.0.202305231506/tools/bin/../lib/gcc/arm-none-eabi/11.3.1/../../../../arm-none-eabi/lib/thumb/v7e-m+fp/hard\libc_nano.a(libc_a-callocr.o)
 .ARM.attributes
                0x000000000000034b       0x34 D:/Embedded/STM32CubeIDE_1.13.1/STM32CubeIDE/plugins/com.st.stm32cube.ide.mcu.externaltools.gnu-tools-for-stm32.11.3.rel1.win32_1.1.0.202305231506/tools/bin/../lib/gcc/arm-none-eabi/11.3.1/../../../../arm-none-eabi/lib/thumb/v7e-m+fp/hard\libc_nano.a(libc_a-mallocr.o)
 .ARM.attributes
                0x000000000000037f       0x34 D:/Embedded/STM32CubeIDE_1.13.1/STM32CubeIDE/plugins/com.st.stm32cube.ide.mcu.externaltools.gnu-tools-for-stm32.11.3.rel1.win32_1.1.0.202305231506/tools/bin/../lib/gcc/arm-none-eabi/11.3.1/../../../../arm-none-eabi/lib/thumb/v7e-m+fp/hard\libc_nano.a(libc_a-mlock.o)
 .ARM.attributes
                0x00000000000003b3       0x34 D:/Embedded/STM32CubeIDE_1.13.1/STM32CubeIDE/plugins/com.st.stm32cube.ide.mcu.externaltools.gnu-tools-for-stm32.11.3.rel1.win32_1.1.0.202305231506/tools/bin/../lib/gcc/arm-none-eabi/11.3.1/../../../../arm-none-eabi/lib/thumb/v7e-m+fp/hard\libc_nano.a(libc_a-findfp.o)
 .ARM.attributes
                0x00000000000003e7       0x34 D:/Embedded/STM32CubeIDE_1.13.1/STM32CubeIDE/plugins/com.st.stm32cube.ide.mcu.externaltools.gnu-tools-for-stm32.11.3.rel1.win32_1.1.0.202305231506/tools/bin/../lib/gcc/arm-none-eabi/11.3.1/../../../../arm-none-eabi/lib/thumb/v7e-m+fp/hard\libc_nano.a(libc_a-memset.o)
 .ARM.attributes
                0x000000000000041b       0x34 D:/Embedded/STM32CubeIDE_1.13.1/STM32CubeIDE/plugins/com.st.stm32cube.ide.mcu.externaltools.gnu-tools-for-stm32.11.3.rel1.win32_1.1.0.202305231506/tools/bin/../lib/gcc/arm-none-eabi/11.3.1/../../../../arm-none-eabi/lib/thumb/v7e-m+fp/hard\libc_nano.a(libc_a-reent.o)
 .ARM.attributes
                0x000000000000044f       0x34 D:/Embedded/STM32CubeIDE_1.13.1/STM32CubeIDE/plugins/com.st.stm32cube.ide.mcu.externaltools.gnu-tools-for-stm32.11.3.rel1.win32_1.1.0.202305231506/tools/bin/../lib/gcc/arm-none-eabi/11.3.1/../../../../arm-none-eabi/lib/thumb/v7e-m+fp/hard\libc_nano.a(libc_a-impure.o)
 .ARM.attributes
                0x0000000000000483       0x34 D:/Embedded/STM32CubeIDE_1.13.1/STM32CubeIDE/plugins/com.st.stm32cube.ide.mcu.externaltools.gnu-tools-for-stm32.11.3.rel1.win32_1.1.0.202305231506/tools/bin/../lib/gcc/arm-none-eabi/11.3.1/../../../../arm-none-eabi/lib/thumb/v7e-m+fp/hard\libc_nano.a(libc_a-sbrkr.o)
 .ARM.attributes
                0x00000000000004b7       0x34 D:/Embedded/STM32CubeIDE_1.13.1/STM32CubeIDE/plugins/com.st.stm32cube.ide.mcu.externaltools.gnu-tools-for-stm32.11.3.rel1.win32_1.1.0.202305231506/tools/bin/../lib/gcc/arm-none-eabi/11.3.1/../../../../arm-none-eabi/lib/thumb/v7e-m+fp/hard\libc_nano.a(libc_a-errno.o)
 .ARM.attributes
                0x00000000000004eb       0x34 D:/Embedded/STM32CubeIDE_1.13.1/STM32CubeIDE/plugins/com.st.stm32cube.ide.mcu.externaltools.gnu-tools-for-stm32.11.3.rel1.win32_1.1.0.202305231506/tools/bin/../lib/gcc/arm-none-eabi/11.3.1/../../../../arm-none-eabi/lib/thumb/v7e-m+fp/hard\libc_nano.a(libc_a-init.o)
 .ARM.attributes
                0x000000000000051f       0x34 D:/Embedded/STM32CubeIDE_1.13.1/STM32CubeIDE/plugins/com.st.stm32cube.ide.mcu.externaltools.gnu-tools-for-stm32.11.3.rel1.win32_1.1.0.202305231506/tools/bin/../lib/gcc/arm-none-eabi/11.3.1/../../../../arm-none-eabi/lib/thumb/v7e-m+fp/hard\libc_nano.a(libc_a-lock.o)
 .ARM.attributes
                0x0000000000000553       0x1e D:/Embedded/STM32CubeIDE_1.13.1/STM32CubeIDE/plugins/com.st.stm32cube.ide.mcu.externaltools.gnu-tools-for-stm32.11.3.rel1.win32_1.1.0.202305231506/tools/bin/../lib/gcc/arm-none-eabi/11.3.1/thumb/v7e-m+fp/hard/crtn.o
OUTPUT(BL.elf elf32-littlearm)
LOAD linker stubs
LOAD D:/Embedded/STM32CubeIDE_1.13.1/STM32CubeIDE/plugins/com.st.stm32cube.ide.mcu.externaltools.gnu-tools-for-stm32.11.3.rel1.win32_1.1.0.202305231506/tools/bin/../lib/gcc/arm-none-eabi/11.3.1/../../../../arm-none-eabi/lib/thumb/v7e-m+fp/hard\libc.a
LOAD D:/Embedded/STM32CubeIDE_1.13.1/STM32CubeIDE/plugins/com.st.stm32cube.ide.mcu.externaltools.gnu-tools-for-stm32.11.3.rel1.win32_1.1.0.202305231506/tools/bin/../lib/gcc/arm-none-eabi/11.3.1/../../../../arm-none-eabi/lib/thumb/v7e-m+fp/hard\libm.a
LOAD D:/Embedded/STM32CubeIDE_1.13.1/STM32CubeIDE/plugins/com.st.stm32cube.ide.mcu.externaltools.gnu-tools-for-stm32.11.3.rel1.win32_1.1.0.202305231506/tools/bin/../lib/gcc/arm-none-eabi/11.3.1/thumb/v7e-m+fp/hard\libgcc.a

.comment        0x0000000000000000       0x43
 .comment       0x0000000000000000       0x43 D:/Embedded/STM32CubeIDE_1.13.1/STM32CubeIDE/plugins/com.st.stm32cube.ide.mcu.externaltools.gnu-tools-for-stm32.11.3.rel1.win32_1.1.0.202305231506/tools/bin/../lib/gcc/arm-none-eabi/11.3.1/thumb/v7e-m+fp/hard/crtbegin.o
                                         0x44 (size before relaxing)
 .comment       0x0000000000000043       0x44 ./Inc/Lib/DET.o
 .comment       0x0000000000000043       0x44 ./Src/APP/Bootloader/Bootloader_program.o
 .comment       0x0000000000000043       0x44 ./Src/MCAL/FLS/FLS_program.o
 .comment       0x0000000000000043       0x44 ./Src/MCAL/GPIO/GPIO_lcfg.o
 .comment       0x0000000000000043       0x44 ./Src/MCAL/GPIO/GPIO_program.o
 .comment       0x0000000000000043       0x44 ./Src/MCAL/NVIC/NVIC_program.o
 .comment       0x0000000000000043       0x44 ./Src/MCAL/RCC/RCC_program.o
 .comment       0x0000000000000043       0x44 ./Src/MCAL/SYSTICK/SYSTICK_program.o
 .comment       0x0000000000000043       0x44 ./Src/MCAL/UART/UART_program.o
 .comment       0x0000000000000043       0x44 ./Src/Services/UARTIF_program.o
 .comment       0x0000000000000043       0x44 ./Src/main.o
 .comment       0x0000000000000043       0x44 ./Src/sysmem.o

.debug_info     0x0000000000000000     0x3680
 .debug_info    0x0000000000000000       0x8d ./Inc/Lib/DET.o
 .debug_info    0x000000000000008d      0x553 ./Src/APP/Bootloader/Bootloader_program.o
 .debug_info    0x00000000000005e0      0x599 ./Src/MCAL/FLS/FLS_program.o
 .debug_info    0x0000000000000b79      0x200 ./Src/MCAL/GPIO/GPIO_lcfg.o
 .debug_info    0x0000000000000d79      0x47d ./Src/MCAL/GPIO/GPIO_program.o
 .debug_info    0x00000000000011f6      0x2b0 ./Src/MCAL/NVIC/NVIC_program.o
 .debug_info    0x00000000000014a6     0x12f0 ./Src/MCAL/RCC/RCC_program.o
 .debug_info    0x0000000000002796      0x502 ./Src/MCAL/SYSTICK/SYSTICK_program.o
 .debug_info    0x0000000000002c98      0x57b ./Src/MCAL/UART/UART_program.o
 .debug_info    0x0000000000003213      0x16a ./Src/Services/UARTIF_program.o
 .debug_info    0x000000000000337d      0x178 ./Src/main.o
 .debug_info    0x00000000000034f5      0x168 ./Src/sysmem.o
 .debug_info    0x000000000000365d       0x23 ./Startup/startup_stm32f401rctx.o

.debug_abbrev   0x0000000000000000      0xf3c
 .debug_abbrev  0x0000000000000000       0x5c ./Inc/Lib/DET.o
 .debug_abbrev  0x000000000000005c      0x23f ./Src/APP/Bootloader/Bootloader_program.o
 .debug_abbrev  0x000000000000029b      0x184 ./Src/MCAL/FLS/FLS_program.o
 .debug_abbrev  0x000000000000041f       0xa1 ./Src/MCAL/GPIO/GPIO_lcfg.o
 .debug_abbrev  0x00000000000004c0      0x135 ./Src/MCAL/GPIO/GPIO_program.o
 .debug_abbrev  0x00000000000005f5      0x113 ./Src/MCAL/NVIC/NVIC_program.o
 .debug_abbrev  0x0000000000000708      0x1f1 ./Src/MCAL/RCC/RCC_program.o
 .debug_abbrev  0x00000000000008f9      0x1c1 ./Src/MCAL/SYSTICK/SYSTICK_program.o
 .debug_abbrev  0x0000000000000aba      0x182 ./Src/MCAL/UART/UART_program.o
 .debug_abbrev  0x0000000000000c3c      0x121 ./Src/Services/UARTIF_program.o
 .debug_abbrev  0x0000000000000d5d      0x111 ./Src/main.o
 .debug_abbrev  0x0000000000000e6e       0xbc ./Src/sysmem.o
 .debug_abbrev  0x0000000000000f2a       0x12 ./Startup/startup_stm32f401rctx.o

.debug_aranges  0x0000000000000000      0x348
 .debug_aranges
                0x0000000000000000       0x20 ./Inc/Lib/DET.o
 .debug_aranges
                0x0000000000000020       0x78 ./Src/APP/Bootloader/Bootloader_program.o
 .debug_aranges
                0x0000000000000098       0x48 ./Src/MCAL/FLS/FLS_program.o
 .debug_aranges
                0x00000000000000e0       0x18 ./Src/MCAL/GPIO/GPIO_lcfg.o
 .debug_aranges
                0x00000000000000f8       0x40 ./Src/MCAL/GPIO/GPIO_program.o
 .debug_aranges
                0x0000000000000138       0x50 ./Src/MCAL/NVIC/NVIC_program.o
 .debug_aranges
                0x0000000000000188       0x58 ./Src/MCAL/RCC/RCC_program.o
 .debug_aranges
                0x00000000000001e0       0x70 ./Src/MCAL/SYSTICK/SYSTICK_program.o
 .debug_aranges
                0x0000000000000250       0x50 ./Src/MCAL/UART/UART_program.o
 .debug_aranges
                0x00000000000002a0       0x40 ./Src/Services/UARTIF_program.o
 .debug_aranges
                0x00000000000002e0       0x20 ./Src/main.o
 .debug_aranges
                0x0000000000000300       0x20 ./Src/sysmem.o
 .debug_aranges
                0x0000000000000320       0x28 ./Startup/startup_stm32f401rctx.o

.debug_rnglists
                0x0000000000000000      0x251
 .debug_rnglists
                0x0000000000000000       0x13 ./Inc/Lib/DET.o
 .debug_rnglists
                0x0000000000000013       0x70 ./Src/APP/Bootloader/Bootloader_program.o
 .debug_rnglists
                0x0000000000000083       0x33 ./Src/MCAL/FLS/FLS_program.o
 .debug_rnglists
                0x00000000000000b6       0x30 ./Src/MCAL/GPIO/GPIO_program.o
 .debug_rnglists
                0x00000000000000e6       0x37 ./Src/MCAL/NVIC/NVIC_program.o
 .debug_rnglists
                0x000000000000011d       0x41 ./Src/MCAL/RCC/RCC_program.o
 .debug_rnglists
                0x000000000000015e       0x52 ./Src/MCAL/SYSTICK/SYSTICK_program.o
 .debug_rnglists
                0x00000000000001b0       0x37 ./Src/MCAL/UART/UART_program.o
 .debug_rnglists
                0x00000000000001e7       0x2b ./Src/Services/UARTIF_program.o
 .debug_rnglists
                0x0000000000000212       0x13 ./Src/main.o
 .debug_rnglists
                0x0000000000000225       0x13 ./Src/sysmem.o
 .debug_rnglists
                0x0000000000000238       0x19 ./Startup/startup_stm32f401rctx.o

.debug_macro    0x0000000000000000     0x21da
 .debug_macro   0x0000000000000000       0x2c ./Inc/Lib/DET.o
 .debug_macro   0x000000000000002c      0xaae ./Inc/Lib/DET.o
 .debug_macro   0x0000000000000ada       0xee ./Inc/Lib/DET.o
 .debug_macro   0x0000000000000bc8       0x22 ./Inc/Lib/DET.o
 .debug_macro   0x0000000000000bea       0x16 ./Inc/Lib/DET.o
 .debug_macro   0x0000000000000c00      0x13c ./Src/APP/Bootloader/Bootloader_program.o
 .debug_macro   0x0000000000000d3c       0x2a ./Src/APP/Bootloader/Bootloader_program.o
 .debug_macro   0x0000000000000d66       0x22 ./Src/APP/Bootloader/Bootloader_program.o
 .debug_macro   0x0000000000000d88       0x5b ./Src/APP/Bootloader/Bootloader_program.o
 .debug_macro   0x0000000000000de3       0x94 ./Src/APP/Bootloader/Bootloader_program.o
 .debug_macro   0x0000000000000e77       0x43 ./Src/APP/Bootloader/Bootloader_program.o
 .debug_macro   0x0000000000000eba       0x34 ./Src/APP/Bootloader/Bootloader_program.o
 .debug_macro   0x0000000000000eee       0x16 ./Src/APP/Bootloader/Bootloader_program.o
 .debug_macro   0x0000000000000f04      0x10e ./Src/APP/Bootloader/Bootloader_program.o
 .debug_macro   0x0000000000001012       0x8d ./Src/APP/Bootloader/Bootloader_program.o
 .debug_macro   0x000000000000109f       0x16 ./Src/APP/Bootloader/Bootloader_program.o
 .debug_macro   0x00000000000010b5       0x43 ./Src/APP/Bootloader/Bootloader_program.o
 .debug_macro   0x00000000000010f8       0x57 ./Src/APP/Bootloader/Bootloader_program.o
 .debug_macro   0x000000000000114f       0x34 ./Src/APP/Bootloader/Bootloader_program.o
 .debug_macro   0x0000000000001183       0x10 ./Src/APP/Bootloader/Bootloader_program.o
 .debug_macro   0x0000000000001193       0x58 ./Src/APP/Bootloader/Bootloader_program.o
 .debug_macro   0x00000000000011eb       0x8e ./Src/APP/Bootloader/Bootloader_program.o
 .debug_macro   0x0000000000001279       0x1c ./Src/APP/Bootloader/Bootloader_program.o
 .debug_macro   0x0000000000001295      0x177 ./Src/APP/Bootloader/Bootloader_program.o
 .debug_macro   0x000000000000140c      0x369 ./Src/APP/Bootloader/Bootloader_program.o
 .debug_macro   0x0000000000001775       0x16 ./Src/APP/Bootloader/Bootloader_program.o
 .debug_macro   0x000000000000178b       0x29 ./Src/APP/Bootloader/Bootloader_program.o
 .debug_macro   0x00000000000017b4       0xb8 ./Src/APP/Bootloader/Bootloader_program.o
 .debug_macro   0x000000000000186c       0x36 ./Src/MCAL/FLS/FLS_program.o
 .debug_macro   0x00000000000018a2       0xaf ./Src/MCAL/FLS/FLS_program.o
 .debug_macro   0x0000000000001951       0x3f ./Src/MCAL/GPIO/GPIO_lcfg.o
 .debug_macro   0x0000000000001990       0xe2 ./Src/MCAL/GPIO/GPIO_lcfg.o
 .debug_macro   0x0000000000001a72       0x10 ./Src/MCAL/GPIO/GPIO_lcfg.o
 .debug_macro   0x0000000000001a82       0x48 ./Src/MCAL/GPIO/GPIO_program.o
 .debug_macro   0x0000000000001aca       0x44 ./Src/MCAL/NVIC/NVIC_program.o
 .debug_macro   0x0000000000001b0e       0x34 ./Src/MCAL/NVIC/NVIC_program.o
 .debug_macro   0x0000000000001b42       0x34 ./Src/MCAL/NVIC/NVIC_program.o
 .debug_macro   0x0000000000001b76      0x13a ./Src/MCAL/RCC/RCC_program.o
 .debug_macro   0x0000000000001cb0       0x34 ./Src/MCAL/RCC/RCC_program.o
 .debug_macro   0x0000000000001ce4       0x2d ./Src/MCAL/RCC/RCC_program.o
 .debug_macro   0x0000000000001d11       0x1c ./Src/MCAL/RCC/RCC_program.o
 .debug_macro   0x0000000000001d2d       0x3f ./Src/MCAL/SYSTICK/SYSTICK_program.o
 .debug_macro   0x0000000000001d6c       0x2e ./Src/MCAL/SYSTICK/SYSTICK_program.o
 .debug_macro   0x0000000000001d9a       0x22 ./Src/MCAL/SYSTICK/SYSTICK_program.o
 .debug_macro   0x0000000000001dbc       0x48 ./Src/MCAL/UART/UART_program.o
 .debug_macro   0x0000000000001e04       0x10 ./Src/MCAL/UART/UART_program.o
 .debug_macro   0x0000000000001e14       0x16 ./Src/MCAL/UART/UART_program.o
 .debug_macro   0x0000000000001e2a       0x2d ./Src/Services/UARTIF_program.o
 .debug_macro   0x0000000000001e57       0x48 ./Src/main.o
 .debug_macro   0x0000000000001e9f       0xff ./Src/sysmem.o
 .debug_macro   0x0000000000001f9e      0x23c ./Src/sysmem.o

.debug_line     0x0000000000000000     0x2c6d
 .debug_line    0x0000000000000000       0x6d ./Inc/Lib/DET.o
 .debug_line    0x000000000000006d      0x9b8 ./Src/APP/Bootloader/Bootloader_program.o
 .debug_line    0x0000000000000a25      0x2f2 ./Src/MCAL/FLS/FLS_program.o
 .debug_line    0x0000000000000d17       0xe1 ./Src/MCAL/GPIO/GPIO_lcfg.o
 .debug_line    0x0000000000000df8      0x48b ./Src/MCAL/GPIO/GPIO_program.o
 .debug_line    0x0000000000001283      0x207 ./Src/MCAL/NVIC/NVIC_program.o
 .debug_line    0x000000000000148a      0x882 ./Src/MCAL/RCC/RCC_program.o
 .debug_line    0x0000000000001d0c      0x458 ./Src/MCAL/SYSTICK/SYSTICK_program.o
 .debug_line    0x0000000000002164      0x21b ./Src/MCAL/UART/UART_program.o
 .debug_line    0x000000000000237f      0x138 ./Src/Services/UARTIF_program.o
 .debug_line    0x00000000000024b7      0x1a9 ./Src/main.o
 .debug_line    0x0000000000002660      0x592 ./Src/sysmem.o
 .debug_line    0x0000000000002bf2       0x7b ./Startup/startup_stm32f401rctx.o

.debug_str      0x0000000000000000     0x9a47
 .debug_str     0x0000000000000000     0x301a ./Inc/Lib/DET.o
                                       0x305a (size before relaxing)
 .debug_str     0x000000000000301a     0x3dab ./Src/APP/Bootloader/Bootloader_program.o
                                       0x6e86 (size before relaxing)
 .debug_str     0x0000000000006dc5      0x48c ./Src/MCAL/FLS/FLS_program.o
                                       0x3538 (size before relaxing)
 .debug_str     0x0000000000007251      0x52c ./Src/MCAL/GPIO/GPIO_lcfg.o
                                       0x3517 (size before relaxing)
 .debug_str     0x000000000000777d       0xf8 ./Src/MCAL/GPIO/GPIO_program.o
                                       0x365c (size before relaxing)
 .debug_str     0x0000000000007875      0x302 ./Src/MCAL/NVIC/NVIC_program.o
                                       0x3347 (size before relaxing)
 .debug_str     0x0000000000007b77      0x8f0 ./Src/MCAL/RCC/RCC_program.o
                                       0x71ee (size before relaxing)
 .debug_str     0x0000000000008467      0x3c3 ./Src/MCAL/SYSTICK/SYSTICK_program.o
                                       0x3442 (size before relaxing)
 .debug_str     0x000000000000882a      0x239 ./Src/MCAL/UART/UART_program.o
                                       0x32bb (size before relaxing)
 .debug_str     0x0000000000008a63       0x5c ./Src/Services/UARTIF_program.o
                                       0x3125 (size before relaxing)
 .debug_str     0x0000000000008abf       0x13 ./Src/main.o
                                       0x346d (size before relaxing)
 .debug_str     0x0000000000008ad2      0xf46 ./Src/sysmem.o
                                       0x6044 (size before relaxing)
 .debug_str     0x0000000000009a18       0x2f ./Startup/startup_stm32f401rctx.o
                                         0x53 (size before relaxing)

.debug_frame    0x0000000000000000      0xd6c
 .debug_frame   0x0000000000000000       0x2c ./Inc/Lib/DET.o
 .debug_frame   0x000000000000002c      0x1b4 ./Src/APP/Bootloader/Bootloader_program.o
 .debug_frame   0x00000000000001e0       0xf8 ./Src/MCAL/FLS/FLS_program.o
 .debug_frame   0x00000000000002d8       0xc8 ./Src/MCAL/GPIO/GPIO_program.o
 .debug_frame   0x00000000000003a0      0x120 ./Src/MCAL/NVIC/NVIC_program.o
 .debug_frame   0x00000000000004c0      0x144 ./Src/MCAL/RCC/RCC_program.o
 .debug_frame   0x0000000000000604      0x1b4 ./Src/MCAL/SYSTICK/SYSTICK_program.o
 .debug_frame   0x00000000000007b8      0x110 ./Src/MCAL/UART/UART_program.o
 .debug_frame   0x00000000000008c8       0xb8 ./Src/Services/UARTIF_program.o
 .debug_frame   0x0000000000000980       0x2c ./Src/main.o
 .debug_frame   0x00000000000009ac       0x34 ./Src/sysmem.o
 .debug_frame   0x00000000000009e0       0x20 D:/Embedded/STM32CubeIDE_1.13.1/STM32CubeIDE/plugins/com.st.stm32cube.ide.mcu.externaltools.gnu-tools-for-stm32.11.3.rel1.win32_1.1.0.202305231506/tools/bin/../lib/gcc/arm-none-eabi/11.3.1/../../../../arm-none-eabi/lib/thumb/v7e-m+fp/hard\libc_nano.a(libc_a-calloc.o)
 .debug_frame   0x0000000000000a00       0x30 D:/Embedded/STM32CubeIDE_1.13.1/STM32CubeIDE/plugins/com.st.stm32cube.ide.mcu.externaltools.gnu-tools-for-stm32.11.3.rel1.win32_1.1.0.202305231506/tools/bin/../lib/gcc/arm-none-eabi/11.3.1/../../../../arm-none-eabi/lib/thumb/v7e-m+fp/hard\libc_nano.a(libc_a-callocr.o)
 .debug_frame   0x0000000000000a30       0x50 D:/Embedded/STM32CubeIDE_1.13.1/STM32CubeIDE/plugins/com.st.stm32cube.ide.mcu.externaltools.gnu-tools-for-stm32.11.3.rel1.win32_1.1.0.202305231506/tools/bin/../lib/gcc/arm-none-eabi/11.3.1/../../../../arm-none-eabi/lib/thumb/v7e-m+fp/hard\libc_nano.a(libc_a-mallocr.o)
 .debug_frame   0x0000000000000a80       0x30 D:/Embedded/STM32CubeIDE_1.13.1/STM32CubeIDE/plugins/com.st.stm32cube.ide.mcu.externaltools.gnu-tools-for-stm32.11.3.rel1.win32_1.1.0.202305231506/tools/bin/../lib/gcc/arm-none-eabi/11.3.1/../../../../arm-none-eabi/lib/thumb/v7e-m+fp/hard\libc_nano.a(libc_a-mlock.o)
 .debug_frame   0x0000000000000ab0      0x13c D:/Embedded/STM32CubeIDE_1.13.1/STM32CubeIDE/plugins/com.st.stm32cube.ide.mcu.externaltools.gnu-tools-for-stm32.11.3.rel1.win32_1.1.0.202305231506/tools/bin/../lib/gcc/arm-none-eabi/11.3.1/../../../../arm-none-eabi/lib/thumb/v7e-m+fp/hard\libc_nano.a(libc_a-findfp.o)
 .debug_frame   0x0000000000000bec       0x20 D:/Embedded/STM32CubeIDE_1.13.1/STM32CubeIDE/plugins/com.st.stm32cube.ide.mcu.externaltools.gnu-tools-for-stm32.11.3.rel1.win32_1.1.0.202305231506/tools/bin/../lib/gcc/arm-none-eabi/11.3.1/../../../../arm-none-eabi/lib/thumb/v7e-m+fp/hard\libc_nano.a(libc_a-memset.o)
 .debug_frame   0x0000000000000c0c       0x38 D:/Embedded/STM32CubeIDE_1.13.1/STM32CubeIDE/plugins/com.st.stm32cube.ide.mcu.externaltools.gnu-tools-for-stm32.11.3.rel1.win32_1.1.0.202305231506/tools/bin/../lib/gcc/arm-none-eabi/11.3.1/../../../../arm-none-eabi/lib/thumb/v7e-m+fp/hard\libc_nano.a(libc_a-reent.o)
 .debug_frame   0x0000000000000c44       0x2c D:/Embedded/STM32CubeIDE_1.13.1/STM32CubeIDE/plugins/com.st.stm32cube.ide.mcu.externaltools.gnu-tools-for-stm32.11.3.rel1.win32_1.1.0.202305231506/tools/bin/../lib/gcc/arm-none-eabi/11.3.1/../../../../arm-none-eabi/lib/thumb/v7e-m+fp/hard\libc_nano.a(libc_a-sbrkr.o)
 .debug_frame   0x0000000000000c70       0x20 D:/Embedded/STM32CubeIDE_1.13.1/STM32CubeIDE/plugins/com.st.stm32cube.ide.mcu.externaltools.gnu-tools-for-stm32.11.3.rel1.win32_1.1.0.202305231506/tools/bin/../lib/gcc/arm-none-eabi/11.3.1/../../../../arm-none-eabi/lib/thumb/v7e-m+fp/hard\libc_nano.a(libc_a-errno.o)
 .debug_frame   0x0000000000000c90       0x2c D:/Embedded/STM32CubeIDE_1.13.1/STM32CubeIDE/plugins/com.st.stm32cube.ide.mcu.externaltools.gnu-tools-for-stm32.11.3.rel1.win32_1.1.0.202305231506/tools/bin/../lib/gcc/arm-none-eabi/11.3.1/../../../../arm-none-eabi/lib/thumb/v7e-m+fp/hard\libc_nano.a(libc_a-init.o)
 .debug_frame   0x0000000000000cbc       0xb0 D:/Embedded/STM32CubeIDE_1.13.1/STM32CubeIDE/plugins/com.st.stm32cube.ide.mcu.externaltools.gnu-tools-for-stm32.11.3.rel1.win32_1.1.0.202305231506/tools/bin/../lib/gcc/arm-none-eabi/11.3.1/../../../../arm-none-eabi/lib/thumb/v7e-m+fp/hard\libc_nano.a(libc_a-lock.o)

.debug_line_str
                0x0000000000000000       0x47
 .debug_line_str
                0x0000000000000000       0x47 ./Startup/startup_stm32f401rctx.o
                                         0x5f (size before relaxing)
