../Src/APP/Bootloader/Bootloader_program.c:34:6:Bootloader_init	8	static
../Src/APP/Bootloader/Bootloader_program.c:41:6:allocateRows	16	static
../Src/APP/Bootloader/Bootloader_program.c:46:6:allocateCols	24	static
../Src/APP/Bootloader/Bootloader_program.c:55:6:Bootloader_reteriveData	16	static
../Src/APP/Bootloader/Bootloader_program.c:61:16:Bootloader_write	64	dynamic
../Src/APP/Bootloader/Bootloader_program.c:120:16:Bootloader_MassErase	8	static
../Src/APP/Bootloader/Bootloader_program.c:125:16:Bootloader_AppErase	16	static
../Src/APP/Bootloader/Bootloader_program.c:135:6:Bootloader_ExcecuteApp	24	static
../Src/APP/Bootloader/Bootloader_program.c:149:6:Bootloader_sendmsg	16	static
../Src/APP/Bootloader/Bootloader_program.c:159:16:Bootloader_sendack	8	static
../Src/APP/Bootloader/Bootloader_program.c:165:16:Bootloader_sendnack	8	static
../Src/APP/Bootloader/Bootloader_program.c:171:6:Bootloader_ProcessData	16	static
